// Jest Snapshot v1, https://goo.gl/fbAQLP

exports[`parse parses commit-all-ranges.txt using v11 1`] = `
Object {
  "ranges": Object {
    "body": Array [
      79,
      171,
    ],
    "footer": Array [
      173,
      184,
    ],
    "header": Array [
      25,
      52,
    ],
    "scope": Array [
      30,
      35,
    ],
    "type": Array [
      25,
      29,
    ],
  },
  "sanitizedText": "feat(scope): commit subject


Commit body text here.
Commit body text here.
Commit body text here.

Closes #123",
}
`;

exports[`parse parses commit-all-ranges.txt using v12 1`] = `
Object {
  "ranges": Object {
    "body": Array [
      79,
      171,
    ],
    "footer": Array [
      173,
      184,
    ],
    "header": Array [
      25,
      52,
    ],
    "scope": Array [
      30,
      35,
    ],
    "type": Array [
      25,
      29,
    ],
  },
  "sanitizedText": "feat(scope): commit subject


Commit body text here.
Commit body text here.
Commit body text here.

Closes #123",
}
`;

exports[`parse parses commit-all-ranges.txt using v13 1`] = `
Object {
  "ranges": Object {
    "body": Array [
      79,
      171,
    ],
    "footer": Array [
      173,
      184,
    ],
    "header": Array [
      25,
      52,
    ],
    "scope": Array [
      30,
      35,
    ],
    "type": Array [
      25,
      29,
    ],
  },
  "sanitizedText": "feat(scope): commit subject


Commit body text here.
Commit body text here.
Commit body text here.

Closes #123",
}
`;

exports[`parse parses commit-leading-comment.txt using v11 1`] = `
Object {
  "ranges": Object {
    "body": Array [
      18,
      27,
    ],
    "header": Array [
      10,
      16,
    ],
  },
  "sanitizedText": "Header

Body line",
}
`;

exports[`parse parses commit-leading-comment.txt using v12 1`] = `
Object {
  "ranges": Object {
    "body": Array [
      18,
      27,
    ],
    "header": Array [
      10,
      16,
    ],
  },
  "sanitizedText": "Header

Body line",
}
`;

exports[`parse parses commit-leading-comment.txt using v13 1`] = `
Object {
  "ranges": Object {
    "body": Array [
      18,
      27,
    ],
    "header": Array [
      10,
      16,
    ],
  },
  "sanitizedText": "Header

Body line",
}
`;

exports[`parse parses commit-leading-comment-newlines.txt using v11 1`] = `
Object {
  "ranges": Object {
    "body": Array [
      20,
      29,
    ],
    "header": Array [
      12,
      18,
    ],
  },
  "sanitizedText": "Header

Body line",
}
`;

exports[`parse parses commit-leading-comment-newlines.txt using v12 1`] = `
Object {
  "ranges": Object {
    "body": Array [
      20,
      29,
    ],
    "header": Array [
      12,
      18,
    ],
  },
  "sanitizedText": "Header

Body line",
}
`;

exports[`parse parses commit-leading-comment-newlines.txt using v13 1`] = `
Object {
  "ranges": Object {
    "body": Array [
      20,
      29,
    ],
    "header": Array [
      12,
      18,
    ],
  },
  "sanitizedText": "Header

Body line",
}
`;

exports[`parse parses commit-trailing-comment.txt using v11 1`] = `
Object {
  "ranges": Object {
    "body": Array [
      8,
      17,
    ],
    "header": Array [
      0,
      6,
    ],
  },
  "sanitizedText": "Header

Body line",
}
`;

exports[`parse parses commit-trailing-comment.txt using v12 1`] = `
Object {
  "ranges": Object {
    "body": Array [
      8,
      17,
    ],
    "header": Array [
      0,
      6,
    ],
  },
  "sanitizedText": "Header

Body line",
}
`;

exports[`parse parses commit-trailing-comment.txt using v13 1`] = `
Object {
  "ranges": Object {
    "body": Array [
      8,
      17,
    ],
    "header": Array [
      0,
      6,
    ],
  },
  "sanitizedText": "Header

Body line",
}
`;
